Archive member included to satisfy reference by file (symbol)

..//addon/wlan/hostap/wpa_supplicant/libwpa_supplicant.a(wpasupplicant.o)
                              ..//VT100/build/TWlanLog.o (CWPASupplicant::IsConnected())
..//addon/wlan/hostap/wpa_supplicant/libwpa_supplicant.a(eloop_circle.o)
                              ..//addon/wlan/hostap/wpa_supplicant/libwpa_supplicant.a(wpasupplicant.o) (eloop_terminate)
..//addon/wlan/hostap/wpa_supplicant/libwpa_supplicant.a(os_circle.o)
                              ..//addon/wlan/hostap/wpa_supplicant/libwpa_supplicant.a(eloop_circle.o) (os_get_reltime)
..//addon/wlan/hostap/wpa_supplicant/libwpa_supplicant.a(main_circle.o)
                              ..//addon/wlan/hostap/wpa_supplicant/libwpa_supplicant.a(wpasupplicant.o) (wpa_supplicant_is_connected())
..//addon/wlan/hostap/wpa_supplicant/libwpa_supplicant.a(wpa_supplicant.o)
                              ..//addon/wlan/hostap/wpa_supplicant/libwpa_supplicant.a(main_circle.o) (wpa_supplicant_init)
..//addon/wlan/hostap/wpa_supplicant/libwpa_supplicant.a(wpas_glue.o)
                              ..//addon/wlan/hostap/wpa_supplicant/libwpa_supplicant.a(wpa_supplicant.o) (wpa_supplicant_init_eapol)
..//addon/wlan/hostap/wpa_supplicant/libwpa_supplicant.a(hw_features_common.o)
                              ..//addon/wlan/hostap/wpa_supplicant/libwpa_supplicant.a(wpa_supplicant.o) (hw_get_channel_chan)
..//addon/wlan/hostap/wpa_supplicant/libwpa_supplicant.a(ieee802_11_common.o)
                              ..//addon/wlan/hostap/wpa_supplicant/libwpa_supplicant.a(hw_features_common.o) (ieee802_11_parse_elems)
..//addon/wlan/hostap/wpa_supplicant/libwpa_supplicant.a(ptksa_cache.o)
                              ..//addon/wlan/hostap/wpa_supplicant/libwpa_supplicant.a(wpas_glue.o) (ptksa_cache_init)
..//addon/wlan/hostap/wpa_supplicant/libwpa_supplicant.a(wpa_common.o)
                              ..//addon/wlan/hostap/wpa_supplicant/libwpa_supplicant.a(wpa_supplicant.o) (wpa_default_rsn_cipher)
..//addon/wlan/hostap/wpa_supplicant/libwpa_supplicant.a(aes-omac1.o)
                              ..//addon/wlan/hostap/wpa_supplicant/libwpa_supplicant.a(wpa_common.o) (omac1_aes_128)
..//addon/wlan/hostap/wpa_supplicant/libwpa_supplicant.a(md5.o)
                              ..//addon/wlan/hostap/wpa_supplicant/libwpa_supplicant.a(wpa_common.o) (hmac_md5)
..//addon/wlan/hostap/wpa_supplicant/libwpa_supplicant.a(sha1-pbkdf2.o)
                              ..//addon/wlan/hostap/wpa_supplicant/libwpa_supplicant.a(wpa_supplicant.o) (pbkdf2_sha1)
..//addon/wlan/hostap/wpa_supplicant/libwpa_supplicant.a(sha1-prf.o)
                              ..//addon/wlan/hostap/wpa_supplicant/libwpa_supplicant.a(wpa_common.o) (sha1_prf)
..//addon/wlan/hostap/wpa_supplicant/libwpa_supplicant.a(sha1.o)
                              ..//addon/wlan/hostap/wpa_supplicant/libwpa_supplicant.a(wpa_common.o) (hmac_sha1_vector)
..//addon/wlan/hostap/wpa_supplicant/libwpa_supplicant.a(sha256-prf.o)
                              ..//addon/wlan/hostap/wpa_supplicant/libwpa_supplicant.a(wpa_common.o) (sha256_prf)
..//addon/wlan/hostap/wpa_supplicant/libwpa_supplicant.a(sha256.o)
                              ..//addon/wlan/hostap/wpa_supplicant/libwpa_supplicant.a(wpa_common.o) (hmac_sha256_vector)
..//addon/wlan/hostap/wpa_supplicant/libwpa_supplicant.a(driver_common.o)
                              ..//addon/wlan/hostap/wpa_supplicant/libwpa_supplicant.a(wpa_supplicant.o) (wpa_scan_results_free)
..//addon/wlan/hostap/wpa_supplicant/libwpa_supplicant.a(drivers.o)
                              ..//addon/wlan/hostap/wpa_supplicant/libwpa_supplicant.a(wpa_supplicant.o) (wpa_drivers)
..//addon/wlan/hostap/wpa_supplicant/libwpa_supplicant.a(eap_methods.o)
                              ..//addon/wlan/hostap/wpa_supplicant/libwpa_supplicant.a(wpa_supplicant.o) (eap_peer_unregister_methods)
..//addon/wlan/hostap/wpa_supplicant/libwpa_supplicant.a(eapol_supp_sm.o)
                              ..//addon/wlan/hostap/wpa_supplicant/libwpa_supplicant.a(wpa_supplicant.o) (eapol_sm_get_method_name)
..//addon/wlan/hostap/wpa_supplicant/libwpa_supplicant.a(l2_packet_circle.o)
                              ..//addon/wlan/hostap/wpa_supplicant/libwpa_supplicant.a(wpa_supplicant.o) (l2_packet_init)
..//addon/wlan/hostap/wpa_supplicant/libwpa_supplicant.a(pmksa_cache.o)
                              ..//addon/wlan/hostap/wpa_supplicant/libwpa_supplicant.a(wpas_glue.o) (pmksa_cache_get_current)
..//addon/wlan/hostap/wpa_supplicant/libwpa_supplicant.a(preauth.o)
                              ..//addon/wlan/hostap/wpa_supplicant/libwpa_supplicant.a(wpa_supplicant.o) (pmksa_candidate_free)
..//addon/wlan/hostap/wpa_supplicant/libwpa_supplicant.a(wpa.o)
                              ..//addon/wlan/hostap/wpa_supplicant/libwpa_supplicant.a(wpas_glue.o) (wpa_sm_aborted_cached)
..//addon/wlan/hostap/wpa_supplicant/libwpa_supplicant.a(wpa_ie.o)
[...]
Memory Configuration

Name             Origin             Length             Attributes
*default*        0x00000000         0xffffffff

Linker script and memory map

Address of section .init set to 0x8000

.init           0x00008000       0x64
 *(.init)
 .init          0x00008000       0x64 ..//lib/libcircle.a(startup.o)
                0x00008000                _start

.text           0x00008068    0x9e17c
 *(.text*)
 .text          0x00008068        0x0 ..//VT100/build/main.o
 .text.startup  0x00008068       0x30 ..//VT100/build/main.o
                0x00008068                main
 .text          0x00008098     0x1374 ..//VT100/build/kernel.o
                0x000081c0                CKernel::CKernel()
                0x000081c0                CKernel::CKernel()
                0x000083f8                CKernel::Get()
                0x00008438                CKernel::IsLocalModeEnabled() const
                0x00008444                CKernel::ToggleLocalMode()
                0x000084c8                CKernel::EnsureSerialTaskStarted()
                0x000084fc                CKernel::ToggleSetupDialog()
                0x00008510                CKernel::ShowModernSetupDialog()
                0x00008524                CKernel::RunVTTestTick()
                0x00008538                CKernel::HandleVTTestKey(char const*)
                0x00008574                CKernel::initFilesystem()
                0x00008628                CKernel::IsTelnetReady() const
                0x00008634                CKernel::MarkTelnetReady()
                0x000086b0                CKernel::ApplyRuntimeConfig()
                0x0000878c                CKernel::SendHostOutput(char const*, unsigned int)
                0x000088c0                CKernel::HandleWlanHostRx(char const*, unsigned int)
                0x00008918                CKernel::ProcessSerial()
                0x000089d0                CKernel::MarkTelnetWaiting()
                0x00008a5c                CKernel::~CKernel()
                0x00008a5c                CKernel::~CKernel()
                0x00008b00                CKernel::Initialize()
                0x00009234                CKernel::Run()
 .text._ZN13CPeriodicTaskD2Ev
                0x0000940c       0x20 ..//VT100/build/kernel.o
                0x0000940c                CPeriodicTask::~CPeriodicTask()
                0x0000940c                CPeriodicTask::~CPeriodicTask()
 .text._ZN13CPeriodicTaskD0Ev
                0x0000942c       0x2c ..//VT100/build/kernel.o
                0x0000942c                CPeriodicTask::~CPeriodicTask()
 .text._ZN13CPeriodicTask3RunEv
                0x00009458       0xcc ..//VT100/build/kernel.o
                0x00009458                CPeriodicTask::Run()
 .text          0x00009524      0x79c ..//VT100/build/hal.o
                0x00009524                CHAL::UserTimerHandler(CUserTimer*, void*)
                0x000095b4                CHAL::Get()
                0x000095c4                CHAL::CHAL(CInterruptSystem*, CTimer*)
                0x000095c4                CHAL::CHAL(CInterruptSystem*, CTimer*)
                0x0000963c                CHAL::Initialize()
                0x000097cc                CHAL::StartBuzzer(unsigned int, unsigned int)
                0x000098fc                CHAL::BEEP()
                0x00009908                CHAL::Click()
                0x00009914                CHAL::StopBuzzer()
                0x00009940                CHAL::StopInternal(bool)
                0x0000996c                CHAL::Update()
                0x000099fc                CHAL::HandleTimerTick()
                0x00009a88                CHAL::ConfigureRxTxSwap(bool)
                0x00009b84                CHAL::SwitchRxTx()
                0x00009bcc                CHAL::ConfigureBuzzerVolume(unsigned int)
                0x00009c40                CHAL::~CHAL()
                0x00009c40                CHAL::~CHAL()
 .text          0x00009cc0      0x188 ..//VT100/build/TFontConverter.o
                0x00009cc0                CTFontConverter::~CTFontConverter()
                0x00009cc0                CTFontConverter::~CTFontConverter()
                0x00009ce0                CTFontConverter::~CTFontConverter()
                0x00009d0c                CTFontConverter::Run()
                0x00009d3c                CTFontConverter::Get()
                0x00009dac                CTFontConverter::CTFontConverter()
                0x00009dac                CTFontConverter::CTFontConverter()
                0x00009df4                CTFontConverter::Initialize()
                0x00009e44                CTFontConverter::GetFont(EFontSelection)
 .text          0x00009e48      0x508 ..//VT100/build/VT100_FontConverter.o
                0x00009f9c                ConvertVT100FontToCircle()
                0x0000a038                ConvertVT100FontToCircle_SolidDoubling()
                0x0000a0cc                ConvertVT100FontToCircle_8x20()
                0x0000a120                ConvertVT100GraphicsToCircle()
                0x0000a1c8                ConvertVT100GraphicsToCircle_SolidDoubling()
                0x0000a268                ConvertVT100GraphicsToCircle_8x20()
                0x0000a2cc                GetVT100Font(EFontSelection)
                0x0000a330                ConvertVT100Font()
 .text          0x0000a350     0x500c ..//VT100/build/TRenderer.o
                0x0000a350                CTRenderer::~CTRenderer()
                0x0000a350                CTRenderer::~CTRenderer()
                0x0000a454                non-virtual thunk to CTRenderer::~CTRenderer()
                0x0000a45c                CTRenderer::~CTRenderer()
                0x0000a558                non-virtual thunk to CTRenderer::~CTRenderer()
                0x0000a8b4                CTRenderer::CTRenderer()
                0x0000a8b4                CTRenderer::CTRenderer()
                0x0000aa48                CTRenderer::Get()
                0x0000aa84                CTRenderer::SetFont(TFont const&, CCharGenerator::TFontFlags)
                0x0000ad6c                CTRenderer::SetFont(EFontSelection, CCharGenerator::TFontFlags)
                0x0000ada4                CTRenderer::MapColor(EColorSelection)
                0x0000adc4                CTRenderer::SetColors(EColorSelection, EColorSelection)
                0x0000ae8c                CTRenderer::Goto(unsigned int, unsigned int)
                0x0000af78                CTRenderer::GetWidth() const
                0x0000af80                CTRenderer::GetHeight() const
                0x0000af88                CTRenderer::GetColumns() const
                0x0000afb0                CTRenderer::GetRows() const
                0x0000afd8                CTRenderer::GetCursorColumn() const
                0x0000b048                CTRenderer::GetCursorRow() const
                0x0000b0b8                CTRenderer::GetDisplay()
                0x0000b0c0                CTRenderer::SetColors(CDisplay::TColor, CDisplay::TColor)
                0x0000b134                CTRenderer::ResetParserState()
                0x0000b198                CTRenderer::AdjustBrightness(CDisplay::TColor, float)
                0x0000b204                CTRenderer::AdjustBrightness565(unsigned int, float)
                0x0000b4b0                CTRenderer::SetPixel(unsigned int, unsigned int, CDisplay::TColor)
                0x0000b598                CTRenderer::SetPixel(unsigned int, unsigned int, unsigned int)
                0x0000b64c                CTRenderer::GetPixel(unsigned int, unsigned int)
                0x0000b700                CTRenderer::SetCursorBlock(bool)
                0x0000b708                CTRenderer::SetBlinkingCursor(bool, unsigned int)
                0x0000b7b4                CTRenderer::Update()
                0x0000b948                CTRenderer::Run()
                0x0000bc70                non-virtual thunk to CTRenderer::Run()
                0x0000bc78                CTRenderer::BeginSmoothScrollAnimation(unsigned int, unsigned int, bool)
                0x0000bdd4                CTRenderer::RenderSmoothScrollFrame()
                0x0000bde4                CTRenderer::CarriageReturn()
                0x0000bdf0                CTRenderer::CursorHome()
                0x0000be04                CTRenderer::CursorLeft()
                0x0000be58                CTRenderer::CursorMove(unsigned int, unsigned int)
                0x0000be94                CTRenderer::CursorUp()
                0x0000beb4                CTRenderer::DeleteChars(unsigned int)
                0x0000c140                CTRenderer::DeleteLines(unsigned int)
                0x0000c334                CTRenderer::GetTextBackgroundColor()
                0x0000c354                CTRenderer::GetTextColor()
                0x0000c374                CTRenderer::InsertLines(unsigned int)
                0x0000c564                CTRenderer::InsertMode(bool)
                0x0000c56c                CTRenderer::SetSmoothScrollEnabled(bool)
                0x0000c57c                CTRenderer::ReverseScroll()
                0x0000c594                CTRenderer::SetAutoPageMode(bool)
                0x0000c59c                CTRenderer::SetBrightnessScaling(float, float, float)
                0x0000c5d8                CTRenderer::SetCursorMode(bool)
                0x0000c5e0                CTRenderer::SetVT52Mode(bool)
                0x0000c5e8                CTRenderer::ForceHideCursor()
                0x0000c644                CTRenderer::SetScrollRegion(unsigned int, unsigned int)
                0x0000c69c                CTRenderer::SetStandoutMode(unsigned int)
                0x0000c720                CTRenderer::BackTabulator()
                0x0000c7d8                CTRenderer::SaveCursor()
                0x0000c860                CTRenderer::RestoreCursor()
                0x0000c918                CTRenderer::Scroll()
                0x0000cadc                CTRenderer::CursorDown()
                0x0000cb38                CTRenderer::NewLine()
                0x0000cb9c                CTRenderer::CursorRight()
                0x0000cc1c                CTRenderer::Tabulator()
                0x0000cd40                CTRenderer::DisplayChar(char, unsigned int, unsigned int, unsigned int)
                0x0000d1e0                CTRenderer::DisplayChar(char)
                0x0000d37c                CTRenderer::EraseChar(unsigned int, unsigned int)
                0x0000d4c4                CTRenderer::ClearLineEnd()
                0x0000d5ec                CTRenderer::ClearDisplayEnd()
                0x0000d72c                CTRenderer::ClearDisplay()
                0x0000d73c                CTRenderer::Initialize()
                0x0000da34                CTRenderer::Write(char)
                0x0000e73c                CTRenderer::Write(void const*, unsigned int)
                0x0000e890                CTRenderer::EraseChars(unsigned int)
                0x0000e8e4                CTRenderer::InvertCursor()
                0x0000e8f4                CTRenderer::doRenderTest()
                0x0000ef0c                CTRenderer::SaveState(CTRenderer::TRendererState&)
                0x0000f028                CTRenderer::RestoreState(CTRenderer::TRendererState const&)
                0x0000f218                CTRenderer::GetBufferSize() const
                0x0000f220                CTRenderer::SaveScreenBuffer(void*, unsigned int)
                0x0000f284                CTRenderer::RestoreScreenBuffer(void const*, unsigned int)
 .text          0x0000f35c     0x2b28 ..//VT100/build/TConfig.o
                0x0000f35c                CTConfig::~CTConfig()
                0x0000f35c                CTConfig::~CTConfig()
                0x0000f37c                CTConfig::~CTConfig()
                0x0000f458                CTConfig::CTConfig()
                0x0000f458                CTConfig::CTConfig()
                0x0000f5b8                CTConfig::Get()
                0x0000f5f4                CTConfig::LoadDefaults()
                0x0000f6ac                CTConfig::Initialize()
                0x0000f6e4                CTConfig::IsTabStop(unsigned int) const
                0x0000f6f8                CTConfig::SetTabStop(unsigned int, bool)
                0x0000f708                CTConfig::InitDefaultTabStops(unsigned int)
                0x0000f76c                CTConfig::ParseConfigLine(char const*)
                0x0001016c                CTConfig::LoadConfigFromFile()
                0x0001059c                CTConfig::LoadFromFile()
                0x00010614                CTConfig::Run()
                0x00010668                CTConfig::SetBaudRate(unsigned int)
                0x000106a8                CTConfig::SetLineEndingMode(unsigned int)
                0x000106ec                CTConfig::SetCursorBlock(bool)
                0x00010738                CTConfig::SetCursorBlinking(bool)
                0x00010784                CTConfig::SetVTTestEnabled(bool)
                0x000107cc                CTConfig::SetVT52ModeEnabled(bool)
                0x00010814                CTConfig::SetLogOutput(unsigned int)
                0x00010858                CTConfig::ResolveLogOutputs(bool&, bool&, bool&) const
                0x00010918                CTConfig::logConfig() const
                0x00010dac                CTConfig::SetTextColor(EColorSelection)
                0x00010df4                CTConfig::SetBackgroundColor(EColorSelection)
                0x00010e38                CTConfig::SetLogFileName(char const*)
                0x00010ea8                CTConfig::SetFontSelection(EFontSelection)
                0x00010f10                CTConfig::SetBuzzerVolume(unsigned int)
                0x00010f58                CTConfig::SetKeyClick(bool)
                0x00010fa0                CTConfig::SetSwitchTxRx(bool)
                0x00010fec                CTConfig::SetWlanHostAutoStart(bool)
                0x00011034                CTConfig::SetKeyAutoRepeatEnabled(bool)
                0x0001107c                CTConfig::SetKeyRepeatDelayMs(unsigned int)
                0x000110cc                CTConfig::SetKeyRepeatRateCps(unsigned int)
                0x0001111c                CTConfig::SetScreenInverted(bool)
                0x00011168                CTConfig::SetSmoothScrollEnabled(bool)
                0x000111b4                CTConfig::SetWrapAroundEnabled(bool)
                0x000111fc                CTConfig::SetSerialDataBits(unsigned int)
                0x00011240                CTConfig::SetSerialParityMode(unsigned int)
                0x00011284                CTConfig::SetSoftwareFlowControl(bool)
                0x000112cc                CTConfig::SetMarginBellEnabled(bool)
                0x00011318                CTConfig::TrimWhitespace(char*)
                0x00011324                CTConfig::GetLineEndingModeString() const
                0x00011348                CTConfig::SaveToFile()
 .text          0x00011e84      0xdac ..//VT100/build/TKeyboard.o
                0x00011e84                CTKeyboard::~CTKeyboard()
                0x00011e84                CTKeyboard::~CTKeyboard()
                0x00011ed8                CTKeyboard::~CTKeyboard()
                0x00011f38                CTKeyboard::CTKeyboard()
                0x00011f38                CTKeyboard::CTKeyboard()
                0x00011ff8                CTKeyboard::Get()
                0x00012034                CTKeyboard::Configure(void (*)(char const*), void (*)(unsigned char, unsigned char const*), CDWHCIDevice*, unsigned int, unsigned int)
                0x00012068                CTKeyboard::SetKeyPressedHandler(void (*)(char const*))
                0x00012070                CTKeyboard::SetKeyStatusHandlerRaw(void (*)(unsigned char, unsigned char const*))
                0x00012078                CTKeyboard::GetKeyPressedHandler() const
                0x00012080                CTKeyboard::GetKeyStatusHandlerRaw() const
                0x00012088                CTKeyboard::UpdateLEDs()
                0x0001209c                CTKeyboard::IsKeyboardConnected() const
                0x000120ac                CTKeyboard::OnConfigUpdated()
                0x000120e4                CTKeyboard::OnKeyboardRemoved()
                0x0001214c                CTKeyboard::KeyboardRemovedHandler(CDevice*, void*)
                0x00012190                CTKeyboard::ShouldQueueAutoRepeat(char const*) const
                0x00012298                CTKeyboard::QueueAutoRepeat(char const*)
                0x000123c8                CTKeyboard::TryActivateAutoRepeat()
                0x00012420                CTKeyboard::StopAutoRepeat()
                0x00012458                CTKeyboard::HandleRawKeyStatus(unsigned char, unsigned char const*)
                0x000125f0                CTKeyboard::KeyStatusTrampoline(unsigned char, unsigned char const*)
                0x00012648                CTKeyboard::HandleKeyPressed(char const*, bool)
                0x0001291c                CTKeyboard::KeyPressedTrampoline(char const*)
                0x00012970                CTKeyboard::ServiceAutoRepeat()
                0x00012a6c                CTKeyboard::UpdateKeyboard(bool)
                0x00012b58                CTKeyboard::Initialize()
                0x00012bc4                CTKeyboard::Run()
 .text          0x00012c30      0x4e8 ..//VT100/build/TUART.o
                0x00012c30                CTUART::~CTUART()
                0x00012c30                CTUART::~CTUART()
                0x00012c50                CTUART::~CTUART()
                0x00012c7c                CTUART::Run()
                0x00012ca8                CTUART::CTUART()
                0x00012ca8                CTUART::CTUART()
                0x00012d1c                CTUART::Get()
                0x00012d58                CTUART::Initialize(CInterruptSystem*, void (*)(char const*, unsigned int))
                0x00012f28                CTUART::EnsureStarted()
                0x00012fd8                CTUART::SuspendTask()
                0x00013018                CTUART::Send(char const*, unsigned int)
                0x00013030                CTUART::DrainSerialInput(char*, unsigned int)
 .text._ZN6CTUART23CSerialDeviceWithAccessD2Ev
                0x00013118       0x20 ..//VT100/build/TUART.o
                0x00013118                CTUART::CSerialDeviceWithAccess::~CSerialDeviceWithAccess()
                0x00013118                CTUART::CSerialDeviceWithAccess::~CSerialDeviceWithAccess()
 .text._ZN6CTUART23CSerialDeviceWithAccessD0Ev
                0x00013138       0x30 ..//VT100/build/TUART.o
                0x00013138                CTUART::CSerialDeviceWithAccess::~CSerialDeviceWithAccess()
 .text          0x00013168      0x648 ..//VT100/build/TFileLog.o
                0x00013168                CTFileLog::Write(void const*, unsigned int)
                0x00013280                CTFileLog::Get()
                0x000132f0                CTFileLog::CTFileLog()
                0x000132f0                CTFileLog::CTFileLog()
                0x00013338                CTFileLog::SetFallback(CDevice*)
                0x00013340                CTFileLog::Start()
                0x00013390                CTFileLog::Stop()
                0x00013400                CTFileLog::OpenFile(char const*)
                0x00013444                CTFileLog::CloseFile()
                0x00013494                CTFileLog::Flush()
                0x000134cc                CTFileLog::~CTFileLog()
                0x000134cc                CTFileLog::~CTFileLog()
                0x000135b4                CTFileLog::~CTFileLog()
                0x0001368c                CTFileLog::WriteHeader()
                0x0001369c                CTFileLog::Initialize(CLogger&, char const*, CDevice*)
 .text          0x000137b0     0x1c48 ..//VT100/build/TWlanLog.o
                0x0001381c                CTWlanLog::CTWlanLog()
                0x0001381c                CTWlanLog::CTWlanLog()
                0x000138b8                CTWlanLog::Get()
                0x000138f4                CTWlanLog::SetFallback(CDevice*)
                0x000138fc                CTWlanLog::Start()
                0x00013990                CTWlanLog::Initialize(CBcm4343Device&, CNetSubSystem&, CWPASupplicant&, CLogger&, unsigned int, CDevice*)
                0x00013b2c                CTWlanLog::Stop()
                0x00013b8c                CTWlanLog::IsClientConnected() const
                0x00013bdc                CTWlanLog::IsHostModeActive() const
                0x00013be4                CTWlanLog::CloseClient(char const*, bool)
                0x00013e68                CTWlanLog::Send(char const*, unsigned int)
                0x00013f08                CTWlanLog::Write(void const*, unsigned int)
                0x00013f5c                CTWlanLog::SendHostData(char const*, unsigned int)
                0x00013fdc                CTWlanLog::HandleTelnetByte(unsigned char)
                0x000140f8                CTWlanLog::SendTelnetCommand(unsigned char, unsigned char)
                0x0001412c                CTWlanLog::SendTelnetNegotiation()
                0x0001413c                CTWlanLog::ResetConnectionState()
                0x00014170                CTWlanLog::~CTWlanLog()
                0x00014170                CTWlanLog::~CTWlanLog()
                0x000141ec                non-virtual thunk to CTWlanLog::~CTWlanLog()
                0x000141f4                CTWlanLog::~CTWlanLog()
                0x00014214                non-virtual thunk to CTWlanLog::~CTWlanLog()
                0x0001429c                CTWlanLog::SendLine(char const*)
                0x000146fc                CTWlanLog::ProcessLine(char const*)
                0x00014720                CTWlanLog::HandleCommandChar(char)
                0x00014900                CTWlanLog::HandleIncomingByte(unsigned char)
                0x000149a8                CTWlanLog::HandleIncomingData()
                0x00014b0c                CTWlanLog::AnnounceConnection(CIPAddress const&, unsigned short)
                0x00014bd8                CTWlanLog::AcceptClient()
                0x00014d78                CTWlanLog::EnsureListenSocket()
                0x000153bc                CTWlanLog::Run()
                0x000153d8                non-virtual thunk to CTWlanLog::Run()
 .text          0x000153f8     0x2f40 ..//VT100/build/TSetup.o
                0x000153f8                CTSetup::CTSetup()
                0x000153f8                CTSetup::CTSetup()
                0x000154d8                CTSetup::Get()
                0x00015514                CTSetup::Initialize(CTRenderer*, CTConfig*, CTKeyboard*)
                0x00015528                CTSetup::IsVisible() const
                0x00015530                CTSetup::Hide()
                0x000155d8                CTSetup::RenderHeader(char const*, unsigned int)
                0x00015820                CTSetup::RenderPageA()
                0x00015b5c                CTSetup::InitializeSetupBFromConfig()
                0x00015c8c                CTSetup::ApplySetupBToConfig()
                0x00015da4                CTSetup::MoveSetupBFieldLeft()
                0x00015e20                CTSetup::MoveSetupBFieldRight()
                0x00015e7c                CTSetup::ChangeSetupBSpeed(bool)
                0x00015f28                CTSetup::ToggleSetupBFieldBit(bool)
                0x00015f80                CTSetup::GetSetupBSpeedFieldPosition(CTSetup::TSetupBField, unsigned int&, unsigned int&) const
                0x00016050                CTSetup::InitializeModernFromConfig()
                0x000161b4                CTSetup::ApplyModernToConfig()
                0x000162b8                CTSetup::Run()
                0x00016408                CTSetup::ComputeModernLayout(CTSetup::TModernLayoutState&) const
                0x000164cc                CTSetup::MoveModernSelection(int)
                0x00016514                CTSetup::ChangeModernValue(int)
                0x00016904                CTSetup::UpdateTabCursor()
                0x00016938                CTSetup::UpdateTabCell()
                0x000169f8                CTSetup::RenderPageB()
                0x00017360                CTSetup::FormatModernValue(CTSetup::TModernField, char*, unsigned int) const
                0x00017370                CTSetup::RenderModernFieldRow(CTSetup::TModernLayoutState const&, unsigned int, bool, CDisplay::TColor const&, CDisplay::TColor const&)
                0x000174d0                CTSetup::RenderModernFieldRows(CTSetup::TModernLayoutState const&, CDisplay::TColor const&, CDisplay::TColor const&)
                0x000175ec                CTSetup::RenderModernSelectionDelta(CTSetup::TModernField, unsigned int)
                0x00017778                CTSetup::RenderModernValueDelta()
                0x000178a4                CTSetup::RenderModernDialog()
                0x00017df0                CTSetup::Render()
                0x00017e20                CTSetup::HandleModernKeyPress(char const*)
                0x00017fbc                CTSetup::OnKeyPressed(char const*)
                0x00017ff0                CTSetup::KeyPressedHandler(char const*)
                0x00018070                CTSetup::Show()
                0x00018188                CTSetup::Toggle()
                0x0001819c                CTSetup::ShowModern()
                0x000181fc                CTSetup::OnRawKeyStatus(unsigned char, unsigned char const*)
                0x000182e0                CTSetup::KeyStatusHandlerRaw(unsigned char, unsigned char const*)
 .text._ZN7CTSetupD2Ev
                0x00018338       0x20 ..//VT100/build/TSetup.o
                0x00018338                CTSetup::~CTSetup()
                0x00018338                CTSetup::~CTSetup()
 .text._ZN7CTSetupD0Ev
                0x00018358       0x2c ..//VT100/build/TSetup.o
                0x00018358                CTSetup::~CTSetup()
 .text          0x00018384     0x25c8 ..//VT100/build/VTTest.o
                0x00018384                CVTTest::CVTTest()
                0x00018384                CVTTest::CVTTest()
                0x00018454                CVTTest::Initialize(CTRenderer*)
                0x0001845c                CVTTest::IsActive() const
                0x00018464                CVTTest::StartBoundaryAnimation(bool, bool)
                0x000187a4                CVTTest::ShowPrompt()
                0x000187f4                CVTTest::ServiceBoundaryAnimation(unsigned int)
                0x00018900                CVTTest::LogSummary()
                0x00018a80                CVTTest::StartSuite(unsigned int)
                0x00018bf0                CVTTest::Start()
                0x00018d44                CVTTest::OnKeyPress(char const*)
                0x00018fd0                CVTTest::Stop()
                0x000191b4                CVTTest::ShowIntro()
                0x000192cc                CVTTest::ShowSummary()
                0x00019ac4                CVTTest::DrawTestFrame(CVTTest::TVTTestStep const&)
                0x00019d54                CVTTest::RunStep(CVTTest::TVTTestStep const&)
                0x0001a348                CVTTest::Tick()
                0x0001a7bc                CVTTest::ShowHint(CVTTest::TVTTestStep const&, bool)
 .text          0x0001a94c      0x104 ..//addon/wlan/hostap/wpa_supplicant/libwpa_supplicant.a(wpasupplicant.o)
                0x0001a94c                CWPASupplicant::IsConnected()
                0x0001a960                CWPASupplicant::ProcEntry(void*)
                0x0001a998                CWPASupplicant::CWPASupplicant(char const*)
                0x0001a998                CWPASupplicant::CWPASupplicant(char const*)
                0x0001a9c4                CWPASupplicant::Initialize()
                0x0001aa20                CWPASupplicant::~CWPASupplicant()
                0x0001aa20                CWPASupplicant::~CWPASupplicant()
 .text          0x0001aa50      0x704 ..//addon/wlan/hostap/wpa_supplicant/libwpa_supplicant.a(eloop_circle.o)
                0x0001aa50                eloop_init
                0x0001aa70                eloop_register_read_sock
                0x0001aaf0                eloop_unregister_read_sock
                0x0001ab94                eloop_sock_requeue
                0x0001ab9c                eloop_register_timeout
                0x0001acc0                eloop_cancel_timeout
                0x0001ad9c                eloop_cancel_timeout_one
                0x0001aeb0                eloop_deplete_timeout
                0x0001afa4                eloop_is_timeout_registered
                0x0001affc                eloop_register_signal_terminate
                0x0001b004                eloop_register_signal_reconfig
                0x0001b00c                eloop_run
                0x0001b108                eloop_terminate
                0x0001b11c                eloop_destroy
 .text          0x0001b154      0x73c ..//addon/wlan/hostap/wpa_supplicant/libwpa_supplicant.a(os_circle.o)
                0x0001b154                __wpa_abs
                0x0001b160                __wpa_isblank
                0x0001b174                __wpa_isprint
                0x0001b188                __wpa_isspace
                0x0001b1c4                __wpa_strrchr
                0x0001b204                __wpa_strdup
                0x0001b244                __wpa_strtol
                0x0001b248                __wpa_sscanf
                0x0001b258                __wpa_qsort
                0x0001b398                __wpa_abort
                0x0001b3a0                os_daemonize
                0x0001b3a8                os_daemonize_terminate
                0x0001b3c4                os_get_random
                0x0001b488                os_random
                0x0001b4b4                os_rel2abs_path
                0x0001b4f8                os_get_time
                0x0001b528                os_get_reltime
                0x0001b558                os_sleep
                0x0001b598                os_strlcpy
                0x0001b5e0                os_memcmp_const
                0x0001b628                os_memdup
                0x0001b668                os_zalloc
                0x0001b6ac                os_hexdump
                0x0001b6c0                __wpa_vsnprintf
                0x0001b748                __wpa_snprintf
                0x0001b774                __wpa_vprintf
                0x0001b864                __wpa_printf
 .text          0x0001b890       0xe8 ..//addon/wlan/hostap/wpa_supplicant/libwpa_supplicant.a(main_circle.o)
                0x0001b890                wpa_supplicant_is_connected()
                0x0001b8c0                wpa_supplicant_main(char const*)
 .text          0x0001b978     0xa628 ..//addon/wlan/hostap/wpa_supplicant/libwpa_supplicant.a(wpa_supplicant.o)
                0x0001be00                wpas_clear_disabled_interface
                0x0001c0b8                wpa_supplicant_set_wpa_none_key
                0x0001c260                wpa_supplicant_req_auth_timeout
                0x0001c2e8                wpas_auth_timeout_restart
                0x0001c36c                wpa_supplicant_cancel_auth_timeout
                0x0001c3bc                wpa_supplicant_initiate_eapol
                0x0001c4b8                wpa_supplicant_set_non_wpa_policy
                0x0001c5e4                free_hw_features
                0x0001c5f4                free_bss_tmp_disallowed
                0x0001c658                wpas_flush_fils_hlp_req
                0x0001c6b4                wpa_clear_keys
                0x0001c8b4                wpa_supplicant_state_txt
                0x0001c8d0                wpa_supplicant_reinit_autoscan
                0x0001c8d4                wpa_supplicant_terminate_proc
                0x0001c8d8                wpas_set_mgmt_group_cipher
                0x0001caa8                wpas_build_ext_capab
                0x0001cbdc                wpas_valid_bss_ssid
                0x0001cc4c                wpas_connect_work_free
                0x0001cc58                wpa_s_setup_sae_pt
                0x0001cc5c                wpa_s_clear_sae_rejected
                0x0001cc60                ibss_mesh_setup_freq
                0x0001d668                wpa_is_non_eht_scs_traffic_desc_supported
                0x0001d6cc                wpa_supplicant_add_network
                0x0001d708                wpa_supplicant_enable_network
                0x0001d8dc                wpas_set_pkcs11_engine_and_module_path
                0x0001d9c0                wpa_supplicant_set_ap_scan
                0x0001da34                wpa_supplicant_set_bss_expiration_age
                0x0001da88                wpa_supplicant_set_bss_expiration_count
                0x0001dad8                wpa_supplicant_set_scan_interval
                0x0001db2c                wpa_supplicant_set_debug_params
                0x0001dbc0                wpa_supplicant_get_ssid
                0x0001dd98                wpa_supplicant_rx_eapol
                0x0001e22c                wpa_supplicant_update_mac_addr
                0x0001e3a4                wpas_update_random_addr
                0x0001e5e8                wpas_update_random_addr_disassoc
                0x0001e618                wpas_restore_permanent_mac_addr
                0x0001e6b0                wpa_supplicant_update_bridge_ifname
                0x0001e7e8                wpa_supplicant_apply_eht_overrides
                0x0001e7f8                wpas_init_ext_pw
                0x0001e898                wpas_freq_to_band
                0x0001e8c8                wpas_get_bands
                0x0001e938                radio_remove_pending_work
                0x0001e9b8                radio_work_check_next
                0x0001ea2c                radio_remove_works
                0x0001eee8                radio_add_work
                0x0001f0c4                wpa_supplicant_associate
                0x0001f388                radio_work_done
                0x0001f454                wpas_connect_work_done
                0x0001f490                wpa_supplicant_deauthenticate
                0x0001f9b0                wpa_supplicant_reconnect
                0x0001f9c4                wpa_supplicant_remove_network
                0x0001fac0                wpas_remove_cred
                0x0001fba0                wpas_remove_all_creds
                0x0001fc1c                wpa_supplicant_remove_all_networks
                0x0001fcfc                wpa_supplicant_disable_network
                0x0001fe24                wpa_supplicant_set_state
                0x00020364                wpa_supplicant_clear_status
                0x000203f0                wpa_supplicant_driver_init
                0x00020670                radio_work_pending
                0x000206d0                wpa_supplicant_remove_iface
                0x00020e50                wpa_supplicant_get_eap_mode
                0x00020ea4                wpa_supplicant_get_iface
                0x00020ef0                wpa_supplicant_init
                0x0002116c                wpa_supplicant_run
                0x00021208                wpa_supplicant_deinit
                0x00021214                wpa_supplicant_update_config
                0x00021398                wpa_supplicant_reload_configuration
                0x00021628                add_freq
                0x0002166c                wpas_driver_bss_selection
                0x0002168c                wpas_network_disabled
                0x00021734                wpas_get_ssid_pmf
                0x000217a8                pmf_in_use
                0x0002187c                wpas_is_p2p_prioritized
                0x000218a0                wpas_auth_failed
                0x00021a00                wpa_supplicant_set_suites
                0x00022a1c                wpas_connection_failed
                0x000241dc                wpas_clear_temp_disabled
                0x000242bc                wpa_supplicant_select_network
                0x0002456c                disallowed_bssid
                0x000245e0                disallowed_ssid
                0x00024670                wpas_request_connection
                0x000246c8                wpas_request_disconnection
                0x00024744                dump_freq_data
                0x000247b4                get_shared_radio_freqs_data
                0x00024964                get_shared_radio_freqs
                0x000249f4                wpas_vendor_elem
                0x000249f8                wpas_vendor_elem_update
                0x00024a94                wpas_vendor_elem_remove
                0x00024b58                get_mode
                0x00024bd0                get_mode_with_freq
                0x00024c38                wpa_bss_tmp_disallow
                0x00024d1c                wpa_is_bss_tmp_disallowed
                0x00024dcc                wpas_enable_mac_addr_randomization
                0x00024f08                wpas_disable_mac_addr_randomization
                0x00024f6c                wpa_drv_signal_poll
                0x00024f8c                wpa_drv_get_scan_results
                0x00024fc0                wpas_ap_link_address
                0x00025030                wpa_drv_send_action
                0x00025208                wpas_is_6ghz_supported
                0x000252d4                wpa_supplicant_add_iface
 .text          0x00025fa0     0x18d4 ..//addon/wlan/hostap/wpa_supplicant/libwpa_supplicant.a(wpas_glue.o)
                0x00026d14                wpa_ether_send
                0x00027068                wpa_supplicant_ctrl_req_from_string
                0x0002718c                wpa_supplicant_ctrl_req_to_string
                0x0002736c                wpas_send_ctrl_req
                0x000273b8                wpa_supplicant_init_eapol
                0x00027510                wpas_transition_disable
                0x000275f4                wpa_supplicant_init_wpa
                0x00027798                wpa_supplicant_rsn_supp_set_config
 .text          0x00027874     0x1674 ..//addon/wlan/hostap/wpa_supplicant/libwpa_supplicant.a(hw_features_common.o)
                0x000278fc                hw_get_channel_chan
                0x00027960                hw_mode_get_channel
                0x000279b0                hw_get_channel_freq
                0x00027a4c                hw_get_freq
                0x00027a98                hw_get_chan
                0x00027ac4                allowed_ht40_channel_pair
                0x00027c18                get_pri_sec_chan
                0x00027c94                check_40mhz_5g
                0x00027e40                check_40mhz_2g4
                0x00028274                punct_update_legacy_bw
                0x00028338                hostapd_set_freq_params
                0x00028d34                set_disable_ht40
                0x00028d60                num_chan_to_bw
                0x00028d90                chan_bw_allowed
                0x00028e18                chan_pri_allowed
                0x00028e34                is_punct_bitmap_valid
 .text          0x00028ee8     0x3a88 ..//addon/wlan/hostap/wpa_supplicant/libwpa_supplicant.a(ieee802_11_common.o)
                0x00029994                ieee802_11_parse_elems
                0x000299e0                ieee802_11_elems_clear_ids
                0x00029d74                ieee802_11_elems_clear_ext_ids
                0x00029fc0                ieee802_11_parse_link_assoc_req
                0x0002a284                ieee802_11_ie_count
                0x0002a2d4                ieee802_11_vendor_ie_concat
                0x0002a3e8                get_hdr_bssid
                0x0002a468                hostapd_config_wmm_ac
                0x0002a6a8                hostapd_config_tx_queue
                0x0002a8c8                ieee80211_freq_to_channel_ext
                0x0002add0                ieee80211_freq_to_chan
                0x0002adf4                ieee80211_chaninfo_to_channel
                0x0002ae64                ieee80211_chan_to_freq
                0x0002b3c0                ieee80211_is_dfs
                0x0002b460                is_dfs_global_op_class
                0x0002b474                is_80plus_op_class
                0x0002b488                supp_rates_11b_only
                0x0002b578                fc2str
                0x0002b74c                reason2str
                0x0002b774                status2str
                0x0002b794                mb_ies_info_by_ies
                0x0002b880                mb_ies_by_info
                0x0002b954                ieee80211_get_phy_type
                0x0002b9ac                get_ie
                0x0002ba04                get_ie_ext
                0x0002ba8c                get_vendor_ie
                0x0002bb10                mbo_add_ie
                0x0002bb94                check_multi_ap_ie
                0x0002bd70                add_multi_ap_ie
                0x0002be54                country_to_global_op_class
                0x0002bf7c                get_oper_class
                0x0002bfe8                oper_class_bw_to_int
                0x0002c008                center_idx_to_bw_6ghz
                0x0002c074                is_6ghz_freq
                0x0002c114                is_6ghz_op_class
                0x0002c12c                is_6ghz_psc_frequency
                0x0002c1c4                get_6ghz_sec_channel
                0x0002c1dc                is_same_band
                0x0002c2a8                ieee802_11_parse_candidate_list
                0x0002c518                ieee802_11_ext_capab
                0x0002c548                ieee802_11_rsnx_capab_len
                0x0002c5c0                ieee802_11_rsnx_capab
                0x0002c5d8                hostapd_encode_edmg_chan
                0x0002c670                ieee802_edmg_is_allowed
                0x0002c6c4                op_class_to_bandwidth
                0x0002c6e8                op_class_to_ch_width
                0x0002c708                chwidth_freq2_to_ch_width
                0x0002c798                ieee802_11_defrag
                0x0002c8a0                get_ml_ie
                0x0002c94c                get_basic_mle_mld_addr
 .text          0x0002c970       0x28 ..//addon/wlan/hostap/wpa_supplicant/libwpa_supplicant.a(ptksa_cache.o)
                0x0002c970                ptksa_cache_init
                0x0002c978                ptksa_cache_deinit
                0x0002c97c                ptksa_cache_get
                0x0002c984                ptksa_cache_list
                0x0002c98c                ptksa_cache_add
                0x0002c994                ptksa_cache_flush
 .text          0x0002c998     0x2eb0 ..//addon/wlan/hostap/wpa_supplicant/libwpa_supplicant.a(wpa_common.o)
                0x0002c998                wpa_mic_len
                0x0002ca2c                wpa_use_akm_defined
                0x0002ca6c                wpa_use_cmac
                0x0002cac0                wpa_use_aes_key_wrap
                0x0002cafc                wpa_eapol_key_mic
                0x0002cc30                wpa_cipher_valid_group
                0x0002cc6c                wpa_cipher_valid_mgmt_group
                0x0002cc9c                wpa_parse_wpa_ie_rsn
                0x0002d2c4                wpa_parse_wpa_ie_wpa
                0x0002d608                wpa_default_rsn_cipher
                0x0002d620                rsn_pmkid
                0x0002d6f4                wpa_cipher_txt
                0x0002d810                wpa_key_mgmt_txt
                0x0002da64                wpa_akm_to_suite
                0x0002dc20                wpa_compare_rsn_ie
                0x0002dc78                wpa_insert_pmkid
                0x0002decc                wpa_cipher_key_len
                0x0002df5c                wpa_pmk_to_ptk
                0x0002e4a4                wpa_cipher_rsc_len
                0x0002e4e0                wpa_cipher_to_alg
                0x0002e57c                wpa_cipher_valid_pairwise
                0x0002e5ac                wpa_cipher_to_suite
                0x0002e6bc                rsn_cipher_put_suites
                0x0002e738                wpa_cipher_put_suites
                0x0002e784                wpa_pick_pairwise_cipher
                0x0002e7f0                wpa_pick_group_cipher
                0x0002e850                wpa_parse_cipher
                0x0002ea58                wpa_write_ciphers
                0x0002edb0                wpa_select_ap_group_cipher
                0x0002ee18                wpa_parse_kde_ies
 .text          0x0002f848      0x338 ..//addon/wlan/hostap/wpa_supplicant/libwpa_supplicant.a(aes-omac1.o)
                0x0002f848                omac1_aes_vector
                0x0002fad8                omac1_aes_128_vector
                0x0002fb10                omac1_aes_128
                0x0002fb48                omac1_aes_256
 .text          0x0002fb80      0x1dc ..//addon/wlan/hostap/wpa_supplicant/libwpa_supplicant.a(md5.o)
                0x0002fb80                hmac_md5_vector
                0x0002fd2c                hmac_md5
 .text          0x0002fd5c      0x184 ..//addon/wlan/hostap/wpa_supplicant/libwpa_supplicant.a(sha1-pbkdf2.o)
                0x0002fd5c                pbkdf2_sha1
 .text          0x0002fee0      0x114 ..//addon/wlan/hostap/wpa_supplicant/libwpa_supplicant.a(sha1-prf.o)
                0x0002fee0                sha1_prf
 .text          0x0002fff4      0x1d4 ..//addon/wlan/hostap/wpa_supplicant/libwpa_supplicant.a(sha1.o)
                0x0002fff4                hmac_sha1_vector
                0x00030198                hmac_sha1
 .text          0x000301c8      0x164 ..//addon/wlan/hostap/wpa_supplicant/libwpa_supplicant.a(sha256-prf.o)
                0x000301c8                sha256_prf_bits
                0x0003031c                sha256_prf
 .text          0x0003032c      0x1d4 ..//addon/wlan/hostap/wpa_supplicant/libwpa_supplicant.a(sha256.o)
                0x0003032c                hmac_sha256_vector
                0x000304d0                hmac_sha256
 .text          0x00030500      0xc08 ..//addon/wlan/hostap/wpa_supplicant/libwpa_supplicant.a(driver_common.o)
                0x00030500                wpa_scan_results_free
                0x0003054c                event_to_string
                0x00030568                channel_width_to_string
                0x00030588                channel_width_to_int
                0x000305a4                ht_supported
                0x000305c4                vht_supported
                0x000305ec                he_supported
                0x0003061c                wpa_get_wowlan_triggers
                0x0003086c                driver_flag_to_string
                0x00030f44                driver_flag2_to_string
 .text          0x00031108        0x0 ..//addon/wlan/hostap/wpa_supplicant/libwpa_supplicant.a(drivers.o)
 .text          0x00031108      0x424 ..//addon/wlan/hostap/wpa_supplicant/libwpa_supplicant.a(eap_methods.o)
                0x00031108                eap_peer_get_eap_method
                0x0003114c                eap_peer_get_type
                0x000311b0                eap_get_name
                0x00031210                eap_get_names
                0x000312d0                eap_get_names_as_string_array
                0x000313c0                eap_peer_get_methods
                0x00031404                eap_peer_method_alloc
                0x00031438                eap_peer_method_register
                0x000314f0                eap_peer_unregister_methods
 .text          0x0003152c     0x19b4 ..//addon/wlan/hostap/wpa_supplicant/libwpa_supplicant.a(eapol_supp_sm.o)
                0x00031ab0                eapol_sm_step
                0x0003260c                eapol_sm_configure
                0x0003263c                eapol_sm_get_method_name
                0x00032664                eapol_sm_rx_eapol
                0x000328f8                eapol_sm_notify_tx_eapol_key
                0x0003290c                eapol_sm_notify_portEnabled
                0x00032950                eapol_sm_notify_portValid
                0x00032984                eapol_sm_notify_eap_success
                0x000329d8                eapol_sm_notify_eap_fail
                0x00032a10                eapol_sm_notify_config
                0x00032a84                eapol_sm_get_key
                0x00032b40                eapol_sm_get_session_id
                0x00032b88                eapol_sm_notify_logoff
                0x00032ba0                eapol_sm_notify_cached
                0x00032bd8                eapol_sm_notify_pmkid_attempt
                0x00032c00                eapol_sm_register_scard_ctx
                0x00032c18                eapol_sm_notify_portControl
                0x00032c60                eapol_sm_notify_ctrl_attached
                0x00032c70                eapol_sm_notify_ctrl_response
                0x00032cbc                eapol_sm_request_reauth
                0x00032cd4                eapol_sm_notify_lower_layer_success
                0x00032d00                eapol_sm_invalidate_cached_session
                0x00032d10                eapol_sm_init
                0x00032e20                eapol_sm_deinit
                0x00032e80                eapol_sm_set_ext_pw_ctx
                0x00032e98                eapol_sm_failed
                0x00032eb4                eapol_sm_erp_flush
                0x00032ec4                eapol_sm_build_erp_reauth_start
                0x00032ecc                eapol_sm_process_erp_finish
                0x00032ed0                eapol_sm_update_erp_next_seq_num
                0x00032ed8                eapol_sm_get_erp_info
 .text          0x00032ee0      0x460 ..//addon/wlan/hostap/wpa_supplicant/libwpa_supplicant.a(l2_packet_circle.o)
                0x00032fec                l2_packet_init
                0x0003312c                l2_packet_init_bridge
                0x00033148                l2_packet_deinit
                0x00033168                l2_packet_get_own_addr
                0x000331c0                l2_packet_send
                0x000332b4                l2_packet_notify_auth_start
                0x00033320                l2_packet_get_ip_addr
                0x00033328                l2_packet_set_packet_filter
                0x00033330                l2_packet_auth_active
 .text          0x00033340     0x1528 ..//addon/wlan/hostap/wpa_supplicant/libwpa_supplicant.a(pmksa_cache.o)
                0x00033784                pmksa_cache_remove
                0x000337dc                pmksa_cache_flush
                0x0003391c                pmksa_cache_add_entry
                0x00033c64                pmksa_cache_add
                0x00033e10                pmksa_cache_deinit
                0x00033e58                pmksa_cache_get
                0x00033f64                pmksa_cache_get_opportunistic
                0x00034170                pmksa_cache_get_current
                0x0003417c                pmksa_cache_clear_current
                0x000341b0                pmksa_cache_set_current
                0x00034548                pmksa_cache_list
                0x00034758                pmksa_cache_head
                0x00034760                pmksa_cache_init
                0x00034798                pmksa_cache_reconfig
 .text          0x00034868      0xc70 ..//addon/wlan/hostap/wpa_supplicant/libwpa_supplicant.a(preauth.o)
                0x00034a88                pmksa_candidate_free
                0x00034adc                rsn_preauth_init
                0x00034d54                rsn_preauth_deinit
                0x00034d6c                rsn_preauth_candidate_process
                0x000351c0                pmksa_candidate_add
                0x00035370                rsn_preauth_scan_results
                0x000353d8                rsn_preauth_scan_result
                0x000354c8                rsn_preauth_in_progress
 .text          0x000354d8     0x70d4 ..//addon/wlan/hostap/wpa_supplicant/libwpa_supplicant.a(wpa.o)
                0x000372a4                wpa_eapol_key_send
                0x00037cbc                wpa_sm_key_request
                0x00037f30                wpa_supplicant_send_2_of_4
                0x00038144                wpa_supplicant_send_4_of_4
                0x0003949c                wpa_sm_aborted_cached
                0x000394d8                wpa_sm_aborted_external_cached
                0x00039520                wpa_sm_init
                0x000395e4                wpa_sm_deinit
                0x000396b8                wpa_sm_notify_assoc
                0x00039764                wpa_sm_notify_disassoc
                0x00039824                wpa_sm_set_pmk
                0x000398c8                wpa_sm_set_pmk_from_pmksa
                0x0003a5bc                wpa_sm_rx_eapol
                0x0003b738                wpa_sm_set_fast_reauth
                0x0003b744                wpa_sm_set_scard_ctx
                0x0003b760                wpa_sm_set_config
                0x0003b828                wpa_sm_set_ssid
                0x0003b85c                wpa_sm_set_mlo_params
                0x0003bac0                wpa_sm_set_own_addr
                0x0003bad8                wpa_sm_set_ifname
                0x0003bae8                wpa_sm_set_eapol
                0x0003baf4                wpa_sm_set_param
                0x0003bc1c                wpa_sm_get_status
                0x0003bd24                wpa_sm_pmf_enabled
                0x0003bd80                wpa_sm_ext_key_id
                0x0003bd8c                wpa_sm_ext_key_id_active
                0x0003bd98                wpa_sm_ocv_enabled
                0x0003bdec                wpa_sm_set_assoc_wpa_ie_default
                0x0003be80                wpa_sm_set_assoc_wpa_ie
                0x0003bf18                wpa_sm_set_assoc_rsnxe_default
                0x0003bfb4                wpa_sm_set_assoc_rsnxe
                0x0003c0a0                wpa_sm_set_ap_wpa_ie
                0x0003c138                wpa_sm_set_ap_rsn_ie
                0x0003c1d0                wpa_sm_set_ap_rsnxe
                0x0003c268                wpa_sm_parse_own_wpa_ie
                0x0003c2c0                wpa_sm_pmksa_cache_list
                0x0003c2c8                wpa_sm_pmksa_cache_head
                0x0003c2d0                wpa_sm_pmksa_cache_add_entry
                0x0003c2d8                wpa_sm_pmksa_cache_add
                0x0003c330                wpa_sm_pmksa_exists
                0x0003c360                wpa_sm_pmksa_cache_get
                0x0003c394                wpa_sm_pmksa_cache_remove
                0x0003c3ac                wpa_sm_drop_sa
                0x0003c3ec                wpa_sm_has_ptk_installed
                0x0003c418                wpa_sm_update_replay_ctr
                0x0003c424                wpa_sm_pmksa_cache_flush
                0x0003c448                wpa_sm_external_pmksa_cache_flush
                0x0003c470                wpa_sm_set_rx_replay_ctr
                0x0003c4a8                wpa_sm_set_ptk_kck_kek
                0x0003c540                wpa_sm_get_key_mgmt
                0x0003c548                wpa_sm_get_auth_addr
                0x0003c568                wpa_fils_is_completed
                0x0003c570                wpa_sm_set_fils_cache_id
                0x0003c574                wpa_sm_pmksa_cache_reconfig
                0x0003c584                wpa_sm_get_pmksa_cache
                0x0003c590                wpa_sm_set_cur_pmksa
                0x0003c59c                wpa_sm_set_driver_bss_selection
 .text          0x0003c5ac      0x4e8 ..//addon/wlan/hostap/wpa_supplicant/libwpa_supplicant.a(wpa_ie.o)
                0x0003c5ac                wpa_parse_wpa_ie
                0x0003c604                rsn_supp_capab
                0x0003c650                wpa_gen_wpa_ie
                0x0003c9ac                wpa_gen_rsnxe
 .text          0x0003ca94     0x1944 ..//addon/wlan/hostap/wpa_supplicant/libwpa_supplicant.a(common.o)
                0x0003cb70                hex2num
                0x0003cbb0                hex2byte
                0x0003cc30                hwaddr_aton
                0x0003cc48                hwaddr_masked_aton
                0x0003cccc                hwaddr_compact_aton
                0x0003cd6c                hwaddr_aton2
                0x0003ce38                hexstr2bin
                0x0003cee8                hwaddr_mask_txt
                0x0003cfd4                inc_byte_array
                0x0003d00c                buf_shift_right
                0x0003d064                wpa_get_ntp_timestamp
                0x0003d0e0                wpa_scnprintf
                0x0003d138                wpa_snprintf_hex_sep
                0x0003d1e8                wpa_snprintf_hex
                0x0003d284                wpa_snprintf_hex_uppercase
                0x0003d320                printf_encode
                0x0003d428                printf_decode
                0x0003d648                wpa_ssid_txt
                0x0003d680                __hide_aliasing_typecast
                0x0003d684                wpa_config_parse_string
                0x0003d7e4                is_hex
                0x0003d824                has_ctrl_char
                0x0003d86c                has_newline
                0x0003d8a4                merge_byte_arrays
                0x0003d950                dup_binstr
                0x0003d990                freq_range_list_parse
                0x0003daa0                freq_range_list_includes
                0x0003daf8                freq_range_list_str
                0x0003dbf0                int_array_len
                0x0003dc28                int_array_concat
                0x0003dd34                int_array_sort_unique
                0x0003dddc                int_array_add_unique
                0x0003de6c                int_array_includes
                0x0003dea8                str_clear_free
                0x0003dee0                bin_clear_free
                0x0003df10                random_mac_addr
                0x0003df40                random_mac_addr_keep_oui
                0x0003df74                cstr_token
                0x0003e02c                str_token
                0x0003e060                utf8_unescape
                0x0003e14c                utf8_escape
                0x0003e208                is_ctrl_char
                0x0003e220                ssid_parse
                0x0003e2dc                str_starts
                0x0003e30c                rssi_to_rcpi
                0x0003e34c                get_param
                0x0003e3c0                forced_memzero
 .text          0x0003e3d8      0x18c ..//addon/wlan/hostap/wpa_supplicant/libwpa_supplicant.a(wpa_debug_circle.o)
                0x0003e3d8                wpa_debug_open_file
                0x0003e3e0                wpa_debug_reopen_file
                0x0003e3e8                wpa_debug_close_file
                0x0003e3ec                wpa_debug_setup_stdout
                0x0003e3f0                wpa_debug_stop_log
                0x0003e3f4                wpa_printf
                0x0003e444                wpa_hexdump
                0x0003e468                wpa_hexdump_key
                0x0003e4a4                wpa_hexdump_ascii
                0x0003e4c8                wpa_hexdump_ascii_key
                0x0003e504                wpa_msg
                0x0003e554                wpa_msg_ctrl
                0x0003e560                wpa_msg_register_ifname_cb
 .text          0x0003e564      0x78c ..//addon/wlan/hostap/wpa_supplicant/libwpa_supplicant.a(wpabuf.o)
                0x0003e564                wpabuf_resize
                0x0003e644                wpabuf_alloc
                0x0003e668                wpabuf_alloc_ext_data
                0x0003e698                wpabuf_alloc_copy
                0x0003e724                wpabuf_dup
                0x0003e7bc                wpabuf_free
                0x0003e7f4                wpabuf_clear_free
                0x0003e83c                wpabuf_put
                0x0003e898                wpabuf_concat
                0x0003ea80                wpabuf_zeropad
                0x0003eba0                wpabuf_printf
                0x0003ec28                wpabuf_parse_bin
 .text          0x0003ecf0     0x2560 ..//addon/wlan/hostap/wpa_supplicant/libwpa_supplicant.a(bss.o)
                0x0003eedc                wpa_bss_anqp_alloc
                0x0003eef8                wpa_bss_anqp_unshare_alloc
                0x0003ef84                wpa_bss_remove
                0x0003f160                wpa_bss_get
                0x0003f224                calculate_update_time
                0x0003f278                notify_bss_changes
                0x0003f398                wpa_bss_update_start
                0x0003f3c8                wpa_bss_update_end
                0x0003f54c                wpa_bss_flush_by_age
                0x0003f64c                wpa_bss_init
                0x0003f670                wpa_bss_flush
                0x0003f6dc                wpa_bss_deinit
                0x0003f6e0                wpa_bss_get_bssid
                0x0003f744                wpa_bss_get_bssid_latest
                0x0003f7dc                wpa_bss_get_id
                0x0003f80c                wpa_bss_get_id_range
                0x0003f85c                wpa_bss_get_ie
                0x0003f86c                wpa_bss_get_ie_beacon
                0x0003f898                wpa_bss_get_ie_ext
                0x0003f8a8                wpa_bss_get_vendor_ie
                0x0003f934                wpa_bss_get_vendor_ie_beacon
                0x0003f9c8                wpa_bss_get_vendor_ie_multi
                0x0003fc00                wpa_bss_update_scan_res
                0x00040760                wpa_bss_get_vendor_ie_multi_beacon
                0x00040840                wpa_bss_get_max_rate
                0x000408f8                wpa_bss_get_bit_rates
                0x00040a3c                wpa_bss_ext_capab
                0x00040a68                wpa_bss_parse_basic_ml_element
                0x000410f4                wpa_bss_parse_reconf_ml_element
 .text          0x00041250      0x4e0 ..//addon/wlan/hostap/wpa_supplicant/libwpa_supplicant.a(bssid_ignore.o)
                0x0004133c                wpa_bssid_ignore_del
                0x0004140c                wpa_bssid_ignore_clear
                0x0004148c                wpa_bssid_ignore_get
                0x00041520                wpa_bssid_ignore_add
                0x000416a4                wpa_bssid_ignore_is_listed
                0x00041724                wpa_bssid_ignore_update
 .text          0x00041730     0x4c54 ..//addon/wlan/hostap/wpa_supplicant/libwpa_supplicant.a(config.o)
                0x00043bcc                wpa_config_add_prio_network
                0x00043cd8                wpa_config_update_prio_list
                0x00043d3c                wpa_config_free_ssid
                0x00043ed0                wpa_config_free_cred
                0x00044004                wpa_config_flush_blobs
                0x00044048                wpa_config_free
                0x00044228                wpa_config_foreach_network
                0x0004425c                wpa_config_get_network
                0x00044278                wpa_config_add_network
                0x00044348                wpa_config_remove_network
                0x000443f0                wpa_config_set_network_defaults
                0x0004445c                wpa_config_set
                0x000445a0                wpa_config_set_quoted
                0x00044620                wpa_config_get_all
                0x00044628                wpa_config_update_psk
                0x000446a0                wpa_config_set_cred
                0x000452f0                wpa_config_get_cred_no_key
                0x00045c94                wpa_config_get_cred
                0x00045cbc                wpa_config_add_cred
                0x00045d3c                wpa_config_remove_cred
                0x00045da4                wpa_config_get_blob
                0x00045df0                wpa_config_free_blob
                0x00045e18                wpa_config_remove_blob
                0x00045e98                wpa_config_set_blob
                0x00045ebc                wpa_config_alloc_empty
                0x00046080                wpa_config_debug_dump_networks
                0x000460f8                wpa_config_dump_values
                0x0004617c                wpa_config_get_value
                0x0004620c                wpa_config_get_num_global_field_names
                0x00046214                wpa_config_get_global_field_name
                0x00046260                wpa_config_process_global
 .text          0x00046384      0x934 ..//addon/wlan/hostap/wpa_supplicant/libwpa_supplicant.a(config_file.o)
                0x00046384                wpa_config_read
                0x00046cb0                wpa_config_write
 .text          0x00046cb8        0x8 ..//addon/wlan/hostap/wpa_supplicant/libwpa_supplicant.a(eap_register.o)
                0x00046cb8                eap_register_methods
 .text          0x00046cc0     0x79a8 ..//addon/wlan/hostap/wpa_supplicant/libwpa_supplicant.a(events.o)
                0x000477f0                wpa_supplicant_stop_countermeasures
                0x00047f18                wpas_temp_disabled
                0x00047f74                wpas_reset_mlo_info
                0x00047fbc                wpa_supplicant_mark_disassoc
                0x0004897c                wpa_supplicant_scard_init
                0x00048984                disabled_freq
                0x00048a08                wpa_scan_res_match
                0x0004a0c0                wpa_supplicant_pick_network
                0x0004a2a0                wpa_supplicant_connect
                0x0004ab64                wpa_supplicant_need_to_roam_within_ess
                0x0004bbb0                wpa_supplicant_fast_associate
                0x0004bc88                wpas_network_reenabled
                0x0004bce4                wpa_wps_supplicant_fast_associate
                0x0004bd08                wnm_bss_keep_alive_deinit
                0x0004bd0c                wpa_supplicant_update_channel_list
                0x0004bf10                wpa_supplicant_event
                0x0004e5e4                wpa_supplicant_event_global
 .text          0x0004e668      0x5f0 ..//addon/wlan/hostap/wpa_supplicant/libwpa_supplicant.a(notify.o)
                0x0004e668                wpas_notify_supplicant_initialized
                0x0004e670                wpas_notify_supplicant_deinitialized
                0x0004e674                wpas_notify_iface_added
                0x0004e67c                wpas_notify_iface_removed
                0x0004e680                wpas_notify_state_changed
                0x0004e684                wpas_notify_disconnect_reason
                0x0004e688                wpas_notify_auth_status_code
                0x0004e68c                wpas_notify_assoc_status_code
                0x0004e690                wpas_notify_roam_time
                0x0004e694                wpas_notify_roam_complete
                0x0004e698                wpas_notify_session_length
                0x0004e69c                wpas_notify_bss_tm_status
                0x0004e6a0                wpas_notify_network_changed
                0x0004e6a4                wpas_notify_ap_scan_changed
                0x0004e6a8                wpas_notify_bssid_changed
                0x0004e6ac                wpas_notify_mac_address_changed
                0x0004e6b0                wpas_notify_auth_changed
                0x0004e6b4                wpas_notify_network_enabled_changed
                0x0004e6b8                wpas_notify_network_selected
                0x0004e6bc                wpas_notify_network_request
                0x0004e6c0                wpas_notify_scanning
                0x0004e6c4                wpas_notify_scan_done
                0x0004e6c8                wpas_notify_scan_results
                0x0004e6cc                wpas_notify_wps_credential
                0x0004e6d0                wpas_notify_wps_event_m2d
                0x0004e6d4                wpas_notify_wps_event_fail
                0x0004e6d8                wpas_notify_wps_event_success
                0x0004e6dc                wpas_notify_wps_event_pbc_overlap
                0x0004e6e0                wpas_notify_network_added
                0x0004e720                wpas_notify_persistent_group_added
                0x0004e724                wpas_notify_persistent_group_removed
                0x0004e728                wpas_notify_network_removed
                0x0004e86c                wpas_notify_bss_added
                0x0004e8c8                wpas_notify_bss_removed
                0x0004e924                wpas_notify_bss_freq_changed
                0x0004e928                wpas_notify_bss_signal_changed
                0x0004e92c                wpas_notify_bss_privacy_changed
                0x0004e930                wpas_notify_bss_mode_changed
                0x0004e934                wpas_notify_bss_wpaie_changed
                0x0004e938                wpas_notify_bss_rsnie_changed
                0x0004e93c                wpas_notify_bss_wps_changed
                0x0004e940                wpas_notify_bss_ies_changed
                0x0004e944                wpas_notify_bss_rates_changed
                0x0004e948                wpas_notify_bss_seen
                0x0004e94c                wpas_notify_bss_anqp_changed
                0x0004e950                wpas_notify_blob_added
                0x0004e954                wpas_notify_blob_removed
                0x0004e958                wpas_notify_debug_level_changed
                0x0004e95c                wpas_notify_debug_timestamp_changed
                0x0004e960                wpas_notify_debug_show_keys_changed
                0x0004e964                wpas_notify_suspend
                0x0004e9b8                wpas_notify_resume
                0x0004ea60                wpas_notify_sta_authorized
                0x0004ea64                wpas_notify_certification
                0x0004eb94                wpas_notify_preq
                0x0004eb98                wpas_notify_eap_status
                0x0004ebc4                wpas_notify_eap_error
                0x0004ebd8                wpas_notify_psk_mismatch
                0x0004ebdc                wpas_notify_network_bssid_set_changed
                0x0004ec4c                wpas_notify_network_type_changed
                0x0004ec50                wpas_notify_pmk_cache_added
                0x0004ec54                wpas_notify_signal_change
 .text          0x0004ec58      0xcb8 ..//addon/wlan/hostap/wpa_supplicant/libwpa_supplicant.a(op_classes.o)
                0x0004ee38                verify_channel
                0x0004f588                wpas_supp_op_class_ie
                0x0004f878                wpas_supp_op_classes
 .text          0x0004f910     0x266c ..//addon/wlan/hostap/wpa_supplicant/libwpa_supplicant.a(rrm.o)
                0x0004ff44                wpas_rrm_reset
                0x0004fff0                wpas_rrm_process_neighbor_rep
                0x0005012c                wpas_rrm_send_neighbor_rep_request
                0x00050588                wpas_get_op_chan_phy
                0x00050b60                wpas_rrm_refuse_request
                0x00050cb4                wpas_rrm_handle_radio_measurement_request
                0x000519b4                wpas_rrm_handle_link_measurement_request
                0x00051b70                wpas_beacon_rep_scan_process
                0x00051f30                wpas_clear_beacon_rep_data
 .text          0x00051f7c     0x5264 ..//addon/wlan/hostap/wpa_supplicant/libwpa_supplicant.a(scan.o)
                0x00052718                wpa_supplicant_enabled_networks
                0x000527f8                wpa_supplicant_set_default_scan_ies
                0x0005291c                wpa_add_scan_freqs_list
                0x00052afc                wpa_supplicant_update_scan_int
                0x00052b78                wpa_supplicant_req_scan
                0x00052f78                wpa_supplicant_delayed_sched_scan
                0x00052fc0                wpa_supplicant_req_sched_scan
                0x00053850                wpa_supplicant_cancel_scan
                0x00053880                wpa_supplicant_cancel_delayed_sched_scan
                0x000538bc                wpa_supplicant_cancel_sched_scan
                0x000538cc                wpa_supplicant_notify_scanning
                0x000538e0                wpa_scan_get_ie
                0x000538f8                wpa_scan_get_ml_ie
                0x00053910                wpa_scan_get_vendor_ie
                0x00053e04                wpa_scan_get_vendor_ie_beacon
                0x00053e98                wpa_scan_get_vendor_ie_multi
                0x00053f64                wpas_channel_width_rssi_bump
                0x00053fac                wpas_adjust_snr_by_chanwidth
                0x00054014                wpa_supplicant_filter_bssid_match
                0x00054088                scan_snr
                0x000540f4                wpas_get_est_tpt
                0x00054c24                scan_est_throughput
                0x00054d30                wpa_supplicant_get_scan_results
                0x000551f4                wpa_supplicant_update_scan_results
                0x00055224                scan_only_handler
                0x000552d4                wpas_scan_scheduled
                0x000552e8                wpa_scan_clone_params
                0x00055578                wpa_supplicant_trigger_scan
                0x00056758                wpa_scan_free_params
                0x00056764                wpas_start_pno
                0x00056be4                wpas_stop_pno
                0x00056c70                wpas_mac_addr_rand_scan_clear
                0x00056ce8                wpas_mac_addr_rand_scan_set
                0x00056dbc                wpas_mac_addr_rand_scan_get_mask
                0x00056e30                wpas_abort_ongoing_scan
                0x00056ef4                wpas_sched_scan_plans_set
                0x000571a0                wpas_scan_reset_sched_scan
                0x000571c0                wpas_scan_restart_sched_scan
 .text          0x000571e0      0x448 ..//addon/wlan/hostap/wpa_supplicant/libwpa_supplicant.a(aes-internal-enc.o)
                0x000571e0                aes_encrypt_init
                0x00057230                aes_encrypt
                0x00057608                aes_encrypt_deinit
 .text          0x00057628      0x140 ..//addon/wlan/hostap/wpa_supplicant/libwpa_supplicant.a(aes-unwrap.o)
                0x00057628                aes_unwrap
 .text          0x00057768      0xcb0 ..//addon/wlan/hostap/wpa_supplicant/libwpa_supplicant.a(md5-internal.o)
                0x000581a8                MD5Init
                0x000581e8                MD5Update
                0x000582cc                MD5Final
                0x00058388                md5_vector
 .text          0x00058418      0x134 ..//addon/wlan/hostap/wpa_supplicant/libwpa_supplicant.a(rc4.o)
                0x00058418                rc4_skip
 *fill*         0x0005854c        0x4 
 .text          0x00058550     0x1540 ..//addon/wlan/hostap/wpa_supplicant/libwpa_supplicant.a(sha1-internal.o)
                0x00058550                SHA1Transform
                0x000597e4                SHA1Init
                0x00059830                SHA1Update
                0x000598f0                SHA1Final
                0x000599f4                sha1_vector
 .text          0x00059a90      0x528 ..//addon/wlan/hostap/wpa_supplicant/libwpa_supplicant.a(sha256-internal.o)
                0x00059d28                sha256_init
                0x00059d90                sha256_process
                0x00059db4                sha256_done
                0x00059ed0                sha256_vector
 .text          0x00059fb8      0xd8c ..//addon/wlan/hostap/wpa_supplicant/libwpa_supplicant.a(driver_circle.o)
 .text          0x0005ad44     0x2edc ..//addon/wlan/hostap/wpa_supplicant/libwpa_supplicant.a(eap.o)
                0x0005b980                eap_allowed_method
                0x0005b9ec                eap_peer_erp_free_keys
                0x0005b9f0                eap_peer_erp_init
                0x0005b9f4                eap_sm_buildIdentity
                0x0005bcb8                eap_peer_finish
                0x0005bcbc                eap_peer_sm_init
                0x0005bdcc                eap_peer_sm_step
                0x0005d150                eap_sm_abort
                0x0005d1b4                eap_peer_sm_deinit
                0x0005d200                eap_sm_get_method_name
                0x0005d218                eap_sm_request_identity
                0x0005d270                eap_sm_request_password
                0x0005d2c8                eap_sm_request_new_password
                0x0005d320                eap_sm_request_pin
                0x0005d378                eap_sm_request_otp
                0x0005d38c                eap_sm_request_passphrase
                0x0005d3e4                eap_sm_request_sim
                0x0005d44c                eap_sm_notify_ctrl_attached
                0x0005d540                eap_get_phase2_type
                0x0005d5ac                eap_get_phase2_types
                0x0005d688                eap_set_fast_reauth
                0x0005d690                eap_set_workaround
                0x0005d698                eap_get_config
                0x0005d6a8                eap_get_config_identity
                0x0005d6e8                eap_get_config_password
                0x0005d778                eap_get_config_password2
                0x0005d83c                eap_get_config_new_password
                0x0005d868                eap_get_config_otp
                0x0005d894                eap_clear_config_otp
                0x0005d8d8                eap_get_config_phase1
                0x0005d8f8                eap_get_config_phase2
                0x0005d918                eap_get_config_fragment_size
                0x0005d93c                eap_key_available
                0x0005d948                eap_notify_success
                0x0005d960                eap_notify_lower_layer_success
                0x0005d9e4                eap_get_eapSessionId
                0x0005da14                eap_get_eapKeyData
                0x0005da44                eap_get_eapRespData
                0x0005da68                eap_register_scard_ctx
                0x0005da74                eap_set_config_blob
                0x0005da84                eap_get_config_blob
                0x0005da94                eap_set_force_disabled
                0x0005da9c                eap_set_external_sim
                0x0005daa4                eap_notify_pending
                0x0005dab4                eap_invalidate_cached_session
                0x0005db2c                eap_is_wps_pbc_enrollee
                0x0005db8c                eap_is_wps_pin_enrollee
                0x0005dbec                eap_sm_set_ext_pw_ctx
                0x0005dbfc                eap_set_anon_id
                0x0005dc14                eap_peer_was_failure_expected
 .text          0x0005dc20      0x460 ..//addon/wlan/hostap/wpa_supplicant/libwpa_supplicant.a(base64.o)
                0x0005dffc                base64_encode
                0x0005e020                base64_encode_no_lf
                0x0005e044                base64_url_encode
                0x0005e068                base64_decode
                0x0005e074                base64_url_decode
 .text          0x0005e080      0x124 ..//addon/wlan/hostap/wpa_supplicant/libwpa_supplicant.a(bitfield.o)
                0x0005e080                bitfield_alloc
                0x0005e0a8                bitfield_free
                0x0005e0ac                bitfield_set
                0x0005e0d4                bitfield_clear
                0x0005e0fc                bitfield_is_set
                0x0005e120                bitfield_get_first_zero
 .text          0x0005e1a4      0x23c ..//addon/wlan/hostap/wpa_supplicant/libwpa_supplicant.a(config.o)
                0x0005e1a4                wpa_config_get_line
 .text          0x0005e3e0      0x2f8 ..//addon/wlan/hostap/wpa_supplicant/libwpa_supplicant.a(aes-internal.o)
                0x0005e3e0                rijndaelKeySetupEnc
 .text          0x0005e6d8      0x5d8 ..//addon/wlan/hostap/wpa_supplicant/libwpa_supplicant.a(aes-internal-dec.o)
                0x0005e6d8                aes_decrypt_init
                0x0005e82c                aes_decrypt
                0x0005ec90                aes_decrypt_deinit
 .text          0x0005ecb0       0xfc ..//addon/wlan/hostap/wpa_supplicant/libwpa_supplicant.a(tls_none.o)
                0x0005ecb0                tls_init
                0x0005ecb8                tls_deinit
                0x0005ecbc                tls_get_errors
                0x0005ecc4                tls_connection_init
                0x0005eccc                tls_connection_deinit
                0x0005ecd0                tls_connection_established
                0x0005ecd8                tls_connection_peer_serial_num
                0x0005ece0                tls_connection_shutdown
                0x0005ece8                tls_connection_set_params
                0x0005ecf0                tls_global_set_params
                0x0005ecf8                tls_global_set_verify
                0x0005ed00                tls_connection_set_verify
                0x0005ed08                tls_connection_get_random
                0x0005ed10                tls_connection_export_key
                0x0005ed18                tls_connection_get_eap_fast_key
                0x0005ed20                tls_connection_handshake
                0x0005ed28                tls_connection_server_handshake
                0x0005ed30                tls_connection_encrypt
                0x0005ed38                tls_connection_decrypt
                0x0005ed40                tls_connection_resumed
                0x0005ed48                tls_connection_set_cipher_list
                0x0005ed50                tls_get_version
                0x0005ed58                tls_get_cipher
                0x0005ed60                tls_connection_enable_workaround
                0x0005ed68                tls_connection_client_hello_ext
                0x0005ed70                tls_connection_get_failed
                0x0005ed78                tls_connection_get_read_alerts
                0x0005ed80                tls_connection_get_write_alerts
                0x0005ed88                tls_get_library_version
                0x0005ed94                tls_connection_set_success_data
                0x0005ed9c                tls_connection_set_success_data_resumed
                0x0005eda0                tls_connection_get_success_data
                0x0005eda8                tls_connection_remove_session
 .text          0x0005edac      0x2f8 ..//addon/wlan/hostap/wpa_supplicant/libwpa_supplicant.a(eap_common.o)
                0x0005edac                eap_hdr_len_valid
                0x0005ee2c                eap_hdr_validate
                0x0005ef54                eap_msg_alloc
                0x0005f04c                eap_update_len
                0x0005f074                eap_get_id
                0x0005f08c                eap_get_type
 .text          0x0005f0a4      0x95c ..//addon/wlan/libwlan.a(bcm4343.o)
                0x0005f0a4                CBcm4343Device::GetMACAddress() const
                0x0005f0ac                CBcm4343Device::SendFrame(void const*, unsigned int)
                0x0005f19c                CBcm4343Device::SetMulticastFilter(unsigned char const (*) [6])
                0x0005f2a0                CBcm4343Device::OpenNetEventHandler(ether_event_type_t, ether_event_params_t const*, void*)
                0x0005f2f0                CBcm4343Device::ReceiveFrame(void*, unsigned int*)
                0x0005f354                CBcm4343Device::IsLinkUp()
                0x0005f37c                CBcm4343Device::CBcm4343Device(char const*)
                0x0005f37c                CBcm4343Device::CBcm4343Device(char const*)
                0x0005f3d4                CBcm4343Device::Initialize()
                0x0005f4b0                CBcm4343Device::RegisterEventHandler(void (*)(ether_event_type_t, ether_event_params_t const*, void*), void*)
                0x0005f4e0                CBcm4343Device::RegisterConnectedProvider(bool (*)())
                0x0005f4e8                CBcm4343Device::ReceiveScanResult(void*, unsigned int*)
                0x0005f54c                CBcm4343Device::GetBSSID()
                0x0005f5ac                CBcm4343Device::DumpStatus()
                0x0005f610                CBcm4343Device::FrameReceived(void const*, unsigned int)
                0x0005f654                CBcm4343Device::ScanResultReceived(void const*, unsigned int)
                0x0005f694                etheriq
                0x0005f704                etherscanresult
                0x0005f75c                addethercard
                0x0005f790                CBcm4343Device::~CBcm4343Device()
                0x0005f790                CBcm4343Device::~CBcm4343Device()
                0x0005f81c                CBcm4343Device::~CBcm4343Device()
                0x0005f83c                CBcm4343Device::Control(char const*, ...)
                0x0005f900                CBcm4343Device::JoinOpenNet(char const*)
                0x0005f988                CBcm4343Device::CreateOpenNet(char const*, int, bool)
                0x0005f9ec                CBcm4343Device::DestroyOpenNet()
 .text._ZN10CNetDevice20IsSendFrameAdvisableEv
                0x0005fa00        0x8 ..//addon/wlan/libwlan.a(bcm4343.o)
                0x0005fa00                CNetDevice::IsSendFrameAdvisable()
 .text._ZN10CNetDevice12GetLinkSpeedEv
                0x0005fa08        0x8 ..//addon/wlan/libwlan.a(bcm4343.o)
                0x0005fa08                CNetDevice::GetLinkSpeed()
 .text._ZN10CNetDevice9UpdatePHYEv
                0x0005fa10        0x8 ..//addon/wlan/libwlan.a(bcm4343.o)
                0x0005fa10                CNetDevice::UpdatePHY()
 .text._ZN14CBcm4343Device7GetTypeEv
                0x0005fa18        0x8 ..//addon/wlan/libwlan.a(bcm4343.o)
                0x0005fa18                CBcm4343Device::GetType()
 .text          0x0005fa20     0x43cc ..//addon/wlan/libwlan.a(ether4330.o)
                0x00063dd8                ether4330link
 .text          0x00063dec      0xcec ..//addon/wlan/libwlan.a(emmc.o)
                0x00064a08                sdiocardintr
 .text          0x00064ad8      0x27c ..//addon/wlan/libwlan.a(p9arch.o)
                0x00064b0c                gpiosel
                0x00064b5c                gpiopulloff
                0x00064bb4                gpiopullup
                0x00064c10                getclkrate
                0x00064c28                __p9delay
                0x00064c40                __p9microdelay
                0x00064c58                coherence
                0x00064c64                intrenable
                0x00064c98                dmastart
                0x00064cf8                dmawait
                0x00064d14                cachedinvse
                0x00064d18                p9arch_init
 .text          0x00064d54      0x248 ..//addon/wlan/libwlan.a(p9chan.o)
                0x00064e18                cclose
                0x00064e5c                p9chan_init
                0x00064eac                namec
 .text          0x00064f9c      0x214 ..//addon/wlan/libwlan.a(p9cmd.o)
                0x00064f9c                cmderror
                0x00065044                lookupcmd
                0x000650c4                parsecmd
 .text          0x000651b0      0x1a4 ..//addon/wlan/libwlan.a(p9error.o)
                0x000651b0                __p9error
                0x00065244                pusherror
                0x00065288                nexterror
                0x000652f8                poperror
                0x00065350                okay
 .text          0x00065354      0x310 ..//addon/wlan/libwlan.a(p9ether.o)
                0x00065354                allocb
                0x0006538c                freeb
                0x00065398                padblock
                0x0006540c                qlen
                0x00065414                qget
                0x000654a4                qpass
                0x00065554                __p9nhgets
                0x00065564                __p9nhgetl
                0x00065570                parseether
 .text          0x00065664      0x23c ..//addon/wlan/libwlan.a(p9proc.o)
                0x00065664                __p9lock
                0x0006566c                __p9unlock
                0x00065670                qlock
                0x00065698                qunlock
                0x000656d4                canqlock
                0x00065708                __p9sleep
                0x00065730                tsleep
                0x00065798                __p9wakeup
                0x0006579c                return0
                0x000657a4                __p9kproc
                0x000657f4                p9proc_init
                0x00065854                get_error_stack
 .text._ZN6CKProc3RunEv
                0x000658a0       0x2c ..//addon/wlan/libwlan.a(p9proc.o)
                0x000658a0                CKProc::Run()
 .text._ZN6CKProcD2Ev
                0x000658cc       0x20 ..//addon/wlan/libwlan.a(p9proc.o)
                0x000658cc                CKProc::~CKProc()
                0x000658cc                CKProc::~CKProc()
 .text._ZN6CKProcD0Ev
                0x000658ec       0x30 ..//addon/wlan/libwlan.a(p9proc.o)
                0x000658ec                CKProc::~CKProc()
 .text          0x0006591c      0x328 ..//addon/wlan/libwlan.a(p9util.o)
                0x0006591c                __p9readstr
                0x00065994                __p9hexdump
                0x00065998                __p9print
                0x00065a88                __p9sprint
                0x00065af4                __p9snprint
                0x00065b88                __p9seprint
 .text          0x00065c44      0x51c ..//lib/usb/libusb.a(usbkeyboard.o)
                0x00065c48                CUSBKeyboardDevice::~CUSBKeyboardDevice()
                0x00065c48                CUSBKeyboardDevice::~CUSBKeyboardDevice()
                0x00065cb0                CUSBKeyboardDevice::~CUSBKeyboardDevice()
                0x00065cd4                CUSBKeyboardDevice::ReportHandler(unsigned char const*, unsigned int)
                0x00065e48                CUSBKeyboardDevice::CUSBKeyboardDevice(CUSBFunction*)
                0x00065e48                CUSBKeyboardDevice::CUSBKeyboardDevice(CUSBFunction*)
                0x00065ea4                CUSBKeyboardDevice::RegisterKeyPressedHandler(void (*)(char const*))
                0x00065eac                CUSBKeyboardDevice::RegisterSelectConsoleHandler(void (*)(unsigned int))
                0x00065eb4                CUSBKeyboardDevice::RegisterShutdownHandler(void (*)())
                0x00065ebc                CUSBKeyboardDevice::GetLEDStatus() const
                0x00065ee4                CUSBKeyboardDevice::RegisterKeyStatusHandlerRaw(void (*)(unsigned char, unsigned char const*, void*), bool, void*)
                0x00065f14                CUSBKeyboardDevice::RegisterKeyStatusHandlerRaw(void (*)(unsigned char, unsigned char const*), bool)
                0x00065f2c                CUSBKeyboardDevice::UnregisterKeyStatusHandlerRaw()
                0x00065f3c                CUSBKeyboardDevice::SetLEDs(unsigned char)
                0x00065fc8                CUSBKeyboardDevice::Configure()
                0x000660bc                CUSBKeyboardDevice::UpdateLEDs()
                0x00066134                CUSBKeyboardDevice::FindByte(unsigned char const*, unsigned char, unsigned int)
 .text.startup  0x00066160       0x34 ..//lib/usb/libusb.a(usbkeyboard.o)
 .text          0x00066194     0x3028 ..//lib/usb/libusb.a(dwhcidevice.o)
                0x00066194                CDWHCIDevice::CancelDeviceTransactions(CUSBDevice*)
                0x0006619c                CDWHCIDevice::CompletionRoutine(CUSBRequest*, void*, void*)
                0x000661e8                CDWHCIDevice::CDWHCIDevice(CInterruptSystem*, CTimer*, bool)
                0x000661e8                CDWHCIDevice::CDWHCIDevice(CInterruptSystem*, CTimer*, bool)
                0x000662c8                CDWHCIDevice::DeviceConnected()
                0x00066300                CDWHCIDevice::GetPortSpeed()
                0x0006634c                CDWHCIDevice::OvercurrentDetected()
                0x00066388                CDWHCIDevice::DisableRootPort(bool)
                0x000663fc                CDWHCIDevice::PowerOn()